|  0| 33|  2| 17| 48| 31| 12| 15|
|  3| 18| 55| 32| 13| 16| 49| 30|
| 56|  1| 34| 47| 54| 51| 14| 11|
| 19|  4| 59| 52| 35| 46| 29| 50|
| 40| 57| 36| 45| 60| 53| 10| 25|
|  5| 20| 41| 58| 37| 26| 63| 28|
| 42| 39| 22|  7| 44| 61| 24|  9|
| 21|  6| 43| 38| 23|  8| 27| 62|

