| 52|  7| 32| 35| 50|  9| 30| 13|
| 33| 36| 51|  8| 31| 12| 45| 10|
|  6| 53| 34| 57| 44| 49| 14| 29|
| 37| 58| 55| 48| 27| 42| 11| 46|
| 54|  5| 62| 43| 56| 47| 28| 15|
| 63| 38| 59| 26| 41| 18| 21|  0|
|  4| 25| 40| 61|  2| 23| 16| 19|
| 39| 60|  3| 24| 17| 20|  1| 22|

