| 22| 13|  2|  7| 20|
|  3|  8| 21| 12|  1|
| 16| 23| 14| 19|  6|
|  9|  4| 17|  0| 11|
| 24| 15| 10|  5| 18|

