From A to C
1) A -> C
2) A -> B
3) C -> B
4) A -> C
5) B -> A
6) B -> C
7) A -> C
8) A -> B
9) C -> B
10) C -> A
11) B -> A
12) C -> B
13) A -> C
14) A -> B
15) C -> B
16) A -> C
17) B -> A
18) B -> C
19) A -> C
20) B -> A
21) C -> B
22) C -> A
23) B -> A
24) B -> C
25) A -> C
26) A -> B
27) C -> B
28) A -> C
29) B -> A
30) B -> C
31) A -> C
