From A to C
1) A -> C
2) A -> B
3) C -> B
4) A -> C
5) B -> A
6) B -> C
7) A -> C
8) A -> B
9) C -> B
10) C -> A
11) B -> A
12) C -> B
13) A -> C
14) A -> B
15) C -> B
16) A -> C
17) B -> A
18) B -> C
19) A -> C
20) B -> A
21) C -> B
22) C -> A
23) B -> A
24) B -> C
25) A -> C
26) A -> B
27) C -> B
28) A -> C
29) B -> A
30) B -> C
31) A -> C
32) A -> B
33) C -> B
34) C -> A
35) B -> A
36) C -> B
37) A -> C
38) A -> B
39) C -> B
40) C -> A
41) B -> A
42) B -> C
43) A -> C
44) B -> A
45) C -> B
46) C -> A
47) B -> A
48) C -> B
49) A -> C
50) A -> B
51) C -> B
52) A -> C
53) B -> A
54) B -> C
55) A -> C
56) A -> B
57) C -> B
58) C -> A
59) B -> A
60) C -> B
61) A -> C
62) A -> B
63) C -> B
64) A -> C
65) B -> A
66) B -> C
67) A -> C
68) B -> A
69) C -> B
70) C -> A
71) B -> A
72) B -> C
73) A -> C
74) A -> B
75) C -> B
76) A -> C
77) B -> A
78) B -> C
79) A -> C
80) B -> A
81) C -> B
82) C -> A
83) B -> A
84) C -> B
85) A -> C
86) A -> B
87) C -> B
88) C -> A
89) B -> A
90) B -> C
91) A -> C
92) B -> A
93) C -> B
94) C -> A
95) B -> A
96) B -> C
97) A -> C
98) A -> B
99) C -> B
100) A -> C
101) B -> A
102) B -> C
103) A -> C
104) A -> B
105) C -> B
106) C -> A
107) B -> A
108) C -> B
109) A -> C
110) A -> B
111) C -> B
112) A -> C
113) B -> A
114) B -> C
115) A -> C
116) B -> A
117) C -> B
118) C -> A
119) B -> A
120) B -> C
121) A -> C
122) A -> B
123) C -> B
124) A -> C
125) B -> A
126) B -> C
127) A -> C
128) A -> B
129) C -> B
130) C -> A
131) B -> A
132) C -> B
133) A -> C
134) A -> B
135) C -> B
136) C -> A
137) B -> A
138) B -> C
139) A -> C
140) B -> A
141) C -> B
142) C -> A
143) B -> A
144) C -> B
145) A -> C
146) A -> B
147) C -> B
148) A -> C
149) B -> A
150) B -> C
151) A -> C
152) A -> B
153) C -> B
154) C -> A
155) B -> A
156) C -> B
157) A -> C
158) A -> B
159) C -> B
160) C -> A
161) B -> A
162) B -> C
163) A -> C
164) B -> A
165) C -> B
166) C -> A
167) B -> A
168) B -> C
169) A -> C
170) A -> B
171) C -> B
172) A -> C
173) B -> A
174) B -> C
175) A -> C
176) B -> A
177) C -> B
178) C -> A
179) B -> A
180) C -> B
181) A -> C
182) A -> B
183) C -> B
184) C -> A
185) B -> A
186) B -> C
187) A -> C
188) B -> A
189) C -> B
190) C -> A
191) B -> A
192) C -> B
193) A -> C
194) A -> B
195) C -> B
196) A -> C
197) B -> A
198) B -> C
199) A -> C
200) A -> B
201) C -> B
202) C -> A
203) B -> A
204) C -> B
205) A -> C
206) A -> B
207) C -> B
208) A -> C
209) B -> A
210) B -> C
211) A -> C
212) B -> A
213) C -> B
214) C -> A
215) B -> A
216) B -> C
217) A -> C
218) A -> B
219) C -> B
220) A -> C
221) B -> A
222) B -> C
223) A -> C
224) A -> B
225) C -> B
226) C -> A
227) B -> A
228) C -> B
229) A -> C
230) A -> B
231) C -> B
232) C -> A
233) B -> A
234) B -> C
235) A -> C
236) B -> A
237) C -> B
238) C -> A
239) B -> A
240) C -> B
241) A -> C
242) A -> B
243) C -> B
244) A -> C
245) B -> A
246) B -> C
247) A -> C
248) A -> B
249) C -> B
250) C -> A
251) B -> A
252) C -> B
253) A -> C
254) A -> B
255) C -> B
256) A -> C
257) B -> A
258) B -> C
259) A -> C
260) B -> A
261) C -> B
262) C -> A
263) B -> A
264) B -> C
265) A -> C
266) A -> B
267) C -> B
268) A -> C
269) B -> A
270) B -> C
271) A -> C
272) B -> A
273) C -> B
274) C -> A
275) B -> A
276) C -> B
277) A -> C
278) A -> B
279) C -> B
280) C -> A
281) B -> A
282) B -> C
283) A -> C
284) B -> A
285) C -> B
286) C -> A
287) B -> A
288) B -> C
289) A -> C
290) A -> B
291) C -> B
292) A -> C
293) B -> A
294) B -> C
295) A -> C
296) A -> B
297) C -> B
298) C -> A
299) B -> A
300) C -> B
301) A -> C
302) A -> B
303) C -> B
304) A -> C
305) B -> A
306) B -> C
307) A -> C
308) B -> A
309) C -> B
310) C -> A
311) B -> A
312) B -> C
313) A -> C
314) A -> B
315) C -> B
316) A -> C
317) B -> A
318) B -> C
319) A -> C
320) B -> A
321) C -> B
322) C -> A
323) B -> A
324) C -> B
325) A -> C
326) A -> B
327) C -> B
328) C -> A
329) B -> A
330) B -> C
331) A -> C
332) B -> A
333) C -> B
334) C -> A
335) B -> A
336) C -> B
337) A -> C
338) A -> B
339) C -> B
340) A -> C
341) B -> A
342) B -> C
343) A -> C
344) A -> B
345) C -> B
346) C -> A
347) B -> A
348) C -> B
349) A -> C
350) A -> B
351) C -> B
352) C -> A
353) B -> A
354) B -> C
355) A -> C
356) B -> A
357) C -> B
358) C -> A
359) B -> A
360) B -> C
361) A -> C
362) A -> B
363) C -> B
364) A -> C
365) B -> A
366) B -> C
367) A -> C
368) B -> A
369) C -> B
370) C -> A
371) B -> A
372) C -> B
373) A -> C
374) A -> B
375) C -> B
376) C -> A
377) B -> A
378) B -> C
379) A -> C
380) B -> A
381) C -> B
382) C -> A
383) B -> A
384) B -> C
385) A -> C
386) A -> B
387) C -> B
388) A -> C
389) B -> A
390) B -> C
391) A -> C
392) A -> B
393) C -> B
394) C -> A
395) B -> A
396) C -> B
397) A -> C
398) A -> B
399) C -> B
400) A -> C
401) B -> A
402) B -> C
403) A -> C
404) B -> A
405) C -> B
406) C -> A
407) B -> A
408) B -> C
409) A -> C
410) A -> B
411) C -> B
412) A -> C
413) B -> A
414) B -> C
415) A -> C
416) A -> B
417) C -> B
418) C -> A
419) B -> A
420) C -> B
421) A -> C
422) A -> B
423) C -> B
424) C -> A
425) B -> A
426) B -> C
427) A -> C
428) B -> A
429) C -> B
430) C -> A
431) B -> A
432) C -> B
433) A -> C
434) A -> B
435) C -> B
436) A -> C
437) B -> A
438) B -> C
439) A -> C
440) A -> B
441) C -> B
442) C -> A
443) B -> A
444) C -> B
445) A -> C
446) A -> B
447) C -> B
448) A -> C
449) B -> A
450) B -> C
451) A -> C
452) B -> A
453) C -> B
454) C -> A
455) B -> A
456) B -> C
457) A -> C
458) A -> B
459) C -> B
460) A -> C
461) B -> A
462) B -> C
463) A -> C
464) B -> A
465) C -> B
466) C -> A
467) B -> A
468) C -> B
469) A -> C
470) A -> B
471) C -> B
472) C -> A
473) B -> A
474) B -> C
475) A -> C
476) B -> A
477) C -> B
478) C -> A
479) B -> A
480) B -> C
481) A -> C
482) A -> B
483) C -> B
484) A -> C
485) B -> A
486) B -> C
487) A -> C
488) A -> B
489) C -> B
490) C -> A
491) B -> A
492) C -> B
493) A -> C
494) A -> B
495) C -> B
496) A -> C
497) B -> A
498) B -> C
499) A -> C
500) B -> A
501) C -> B
502) C -> A
503) B -> A
504) B -> C
505) A -> C
506) A -> B
507) C -> B
508) A -> C
509) B -> A
510) B -> C
511) A -> C
