From A to C
1) A -> C
2) A -> B
3) C -> B
4) A -> C
5) B -> A
6) B -> C
7) A -> C
